// Jest Snapshot v1, https://goo.gl/fbAQLP

exports[`snapshot 1`] = `
<div
  className="not-found"
>
  <h1>
    Zoink!
  </h1>
  <div
    className="not-found-icon"
  >
    <div
      className="icon-gear"
    >
      <svg
        height="0"
        width="0"
      >
        <use
          x="0"
          xlinkHref="#icon-gear-large"
          y="0"
        />
      </svg>
    </div>
    <div
      className="icon-gear"
    >
      <svg
        height="0"
        width="0"
      >
        <use
          x="0"
          xlinkHref="#icon-gear-small"
          y="0"
        />
      </svg>
    </div>
  </div>
  <p>
    Didn't find that one.
  </p>
</div>
`;
